
C:\workspace\SurvCalc\R-libraries>R --vanilla  0<make_version.R 

R version 3.2.3 (2015-12-10) -- "Wooden Christmas-Tree"
Copyright (C) 2015 The R Foundation for Statistical Computing
Platform: x86_64-w64-mingw32/x64 (64-bit)

R is free software and comes with ABSOLUTELY NO WARRANTY.
You are welcome to redistribute it under certain conditions.
Type 'license()' or 'licence()' for distribution details.

  Natural language support but running in an English locale

R is a collaborative project with many contributors.
Type 'contributors()' for more information and
'citation()' on how to cite R or R packages in publications.

Type 'demo()' for some demos, 'help()' for on-line help, or
'help.start()' for an HTML browser interface to help.
Type 'q()' to quit R.

> # Get SPM Version
> VERSION<-system("..//SurvCalc -h",intern=TRUE)[4]

C:\workspace\SurvCalc\R-libraries>R CMD INSTALL SurvCalc --build 

C:\workspace\SurvCalc\R-libraries>copy SurvCalc_* \\niwa.local\groups\Wellington\NIWAFisheries\R\ /Y 
SurvCalc_* 
        0 file(s) copied.

C:\workspace\SurvCalc\R-libraries>copy SurvCalc.html \\niwa.local\groups\Wellington\NIWAFisheries\R\ /Y 
The system cannot find the file specified.

C:\workspace\SurvCalc\R-libraries>del SurvCalc.html 
